// Jest Snapshot v1, https://goo.gl/fbAQLP

exports[`getRefHandler 1`] = `
Array [
  Array [
    "Unsupported value (object: [object Object]) has been dropped. Use a ref object or callback instead.",
  ],
]
`;
